Archive member included to satisfy reference by file (symbol)

c:/st/stm32cubeide_1.6.1/stm32cubeide/plugins/com.st.stm32cube.ide.mcu.externaltools.gnu-tools-for-stm32.9-2020-q2-update.win32_1.5.0.202011040924/tools/bin/../lib/gcc/arm-none-eabi/9.3.1/../../../../arm-none-eabi/lib/thumb/v7-m/nofp\libc_nano.a(lib_a-errno.o)
                              Core/Src/syscalls.o (__errno)
c:/st/stm32cubeide_1.6.1/stm32cubeide/plugins/com.st.stm32cube.ide.mcu.externaltools.gnu-tools-for-stm32.9-2020-q2-update.win32_1.5.0.202011040924/tools/bin/../lib/gcc/arm-none-eabi/9.3.1/../../../../arm-none-eabi/lib/thumb/v7-m/nofp\libc_nano.a(lib_a-exit.o)
                              c:/st/stm32cubeide_1.6.1/stm32cubeide/plugins/com.st.stm32cube.ide.mcu.externaltools.gnu-tools-for-stm32.9-2020-q2-update.win32_1.5.0.202011040924/tools/bin/../lib/gcc/arm-none-eabi/9.3.1/../../../../arm-none-eabi/lib/thumb/v7-m/nofp/crt0.o (exit)
c:/st/stm32cubeide_1.6.1/stm32cubeide/plugins/com.st.stm32cube.ide.mcu.externaltools.gnu-tools-for-stm32.9-2020-q2-update.win32_1.5.0.202011040924/tools/bin/../lib/gcc/arm-none-eabi/9.3.1/../../../../arm-none-eabi/lib/thumb/v7-m/nofp\libc_nano.a(lib_a-impure.o)
                              c:/st/stm32cubeide_1.6.1/stm32cubeide/plugins/com.st.stm32cube.ide.mcu.externaltools.gnu-tools-for-stm32.9-2020-q2-update.win32_1.5.0.202011040924/tools/bin/../lib/gcc/arm-none-eabi/9.3.1/../../../../arm-none-eabi/lib/thumb/v7-m/nofp\libc_nano.a(lib_a-exit.o) (_global_impure_ptr)
c:/st/stm32cubeide_1.6.1/stm32cubeide/plugins/com.st.stm32cube.ide.mcu.externaltools.gnu-tools-for-stm32.9-2020-q2-update.win32_1.5.0.202011040924/tools/bin/../lib/gcc/arm-none-eabi/9.3.1/../../../../arm-none-eabi/lib/thumb/v7-m/nofp\libc_nano.a(lib_a-init.o)
                              c:/st/stm32cubeide_1.6.1/stm32cubeide/plugins/com.st.stm32cube.ide.mcu.externaltools.gnu-tools-for-stm32.9-2020-q2-update.win32_1.5.0.202011040924/tools/bin/../lib/gcc/arm-none-eabi/9.3.1/../../../../arm-none-eabi/lib/thumb/v7-m/nofp/crt0.o (__libc_init_array)
c:/st/stm32cubeide_1.6.1/stm32cubeide/plugins/com.st.stm32cube.ide.mcu.externaltools.gnu-tools-for-stm32.9-2020-q2-update.win32_1.5.0.202011040924/tools/bin/../lib/gcc/arm-none-eabi/9.3.1/../../../../arm-none-eabi/lib/thumb/v7-m/nofp\libc_nano.a(lib_a-memset.o)
                              c:/st/stm32cubeide_1.6.1/stm32cubeide/plugins/com.st.stm32cube.ide.mcu.externaltools.gnu-tools-for-stm32.9-2020-q2-update.win32_1.5.0.202011040924/tools/bin/../lib/gcc/arm-none-eabi/9.3.1/../../../../arm-none-eabi/lib/thumb/v7-m/nofp/crt0.o (memset)
c:/st/stm32cubeide_1.6.1/stm32cubeide/plugins/com.st.stm32cube.ide.mcu.externaltools.gnu-tools-for-stm32.9-2020-q2-update.win32_1.5.0.202011040924/tools/bin/../lib/gcc/arm-none-eabi/9.3.1/../../../../arm-none-eabi/lib/thumb/v7-m/nofp\libc_nano.a(lib_a-strlen.o)
                              Core/Src/main.o (strlen)
c:/st/stm32cubeide_1.6.1/stm32cubeide/plugins/com.st.stm32cube.ide.mcu.externaltools.gnu-tools-for-stm32.9-2020-q2-update.win32_1.5.0.202011040924/tools/bin/../lib/gcc/arm-none-eabi/9.3.1/thumb/v7-m/nofp\libgcc.a(_arm_mulsf3.o)
                              Core/Src/BMI088.o (__aeabi_fmul)
c:/st/stm32cubeide_1.6.1/stm32cubeide/plugins/com.st.stm32cube.ide.mcu.externaltools.gnu-tools-for-stm32.9-2020-q2-update.win32_1.5.0.202011040924/tools/bin/../lib/gcc/arm-none-eabi/9.3.1/thumb/v7-m/nofp\libgcc.a(_arm_addsubsf3.o)
                              Core/Src/BMI088.o (__aeabi_i2f)

Allocating common symbols
Common symbol       size              file

debugTest           0x1               Core/Src/BMI088.o
imu                 0x1c              Core/Src/main.o
hi2c1               0x54              Core/Src/main.o
uwTick              0x4               Drivers/STM32F1xx_HAL_Driver/Src/stm32f1xx_hal.o
pFlash              0x20              Drivers/STM32F1xx_HAL_Driver/Src/stm32f1xx_hal_flash.o
huart2              0x40              Core/Src/main.o

Discarded input sections

 .text          0x0000000000000000        0x0 c:/st/stm32cubeide_1.6.1/stm32cubeide/plugins/com.st.stm32cube.ide.mcu.externaltools.gnu-tools-for-stm32.9-2020-q2-update.win32_1.5.0.202011040924/tools/bin/../lib/gcc/arm-none-eabi/9.3.1/thumb/v7-m/nofp/crti.o
 .data          0x0000000000000000        0x0 c:/st/stm32cubeide_1.6.1/stm32cubeide/plugins/com.st.stm32cube.ide.mcu.externaltools.gnu-tools-for-stm32.9-2020-q2-update.win32_1.5.0.202011040924/tools/bin/../lib/gcc/arm-none-eabi/9.3.1/thumb/v7-m/nofp/crti.o
 .bss           0x0000000000000000        0x0 c:/st/stm32cubeide_1.6.1/stm32cubeide/plugins/com.st.stm32cube.ide.mcu.externaltools.gnu-tools-for-stm32.9-2020-q2-update.win32_1.5.0.202011040924/tools/bin/../lib/gcc/arm-none-eabi/9.3.1/thumb/v7-m/nofp/crti.o
[...]
Memory Configuration

Name             Origin             Length             Attributes
RAM              0x0000000020000000 0x0000000000005000 xrw
FLASH            0x0000000008000000 0x0000000000020000 xr
*default*        0x0000000000000000 0xffffffffffffffff

Linker script and memory map

LOAD c:/st/stm32cubeide_1.6.1/stm32cubeide/plugins/com.st.stm32cube.ide.mcu.externaltools.gnu-tools-for-stm32.9-2020-q2-update.win32_1.5.0.202011040924/tools/bin/../lib/gcc/arm-none-eabi/9.3.1/thumb/v7-m/nofp/crti.o
LOAD c:/st/stm32cubeide_1.6.1/stm32cubeide/plugins/com.st.stm32cube.ide.mcu.externaltools.gnu-tools-for-stm32.9-2020-q2-update.win32_1.5.0.202011040924/tools/bin/../lib/gcc/arm-none-eabi/9.3.1/thumb/v7-m/nofp/crtbegin.o
LOAD c:/st/stm32cubeide_1.6.1/stm32cubeide/plugins/com.st.stm32cube.ide.mcu.externaltools.gnu-tools-for-stm32.9-2020-q2-update.win32_1.5.0.202011040924/tools/bin/../lib/gcc/arm-none-eabi/9.3.1/../../../../arm-none-eabi/lib/thumb/v7-m/nofp/crt0.o
LOAD Core/Src/BMI088.o
LOAD Core/Src/main.o
LOAD Core/Src/stm32f1xx_hal_msp.o
LOAD Core/Src/stm32f1xx_it.o
LOAD Core/Src/syscalls.o
LOAD Core/Src/sysmem.o
LOAD Core/Src/system_stm32f1xx.o
LOAD Core/Startup/startup_stm32f103rbtx.o
LOAD Drivers/STM32F1xx_HAL_Driver/Src/stm32f1xx_hal.o
LOAD Drivers/STM32F1xx_HAL_Driver/Src/stm32f1xx_hal_cortex.o
LOAD Drivers/STM32F1xx_HAL_Driver/Src/stm32f1xx_hal_dma.o
LOAD Drivers/STM32F1xx_HAL_Driver/Src/stm32f1xx_hal_exti.o
LOAD Drivers/STM32F1xx_HAL_Driver/Src/stm32f1xx_hal_flash.o
LOAD Drivers/STM32F1xx_HAL_Driver/Src/stm32f1xx_hal_flash_ex.o
LOAD Drivers/STM32F1xx_HAL_Driver/Src/stm32f1xx_hal_gpio.o
LOAD Drivers/STM32F1xx_HAL_Driver/Src/stm32f1xx_hal_gpio_ex.o
LOAD Drivers/STM32F1xx_HAL_Driver/Src/stm32f1xx_hal_i2c.o
LOAD Drivers/STM32F1xx_HAL_Driver/Src/stm32f1xx_hal_pwr.o
LOAD Drivers/STM32F1xx_HAL_Driver/Src/stm32f1xx_hal_rcc.o
LOAD Drivers/STM32F1xx_HAL_Driver/Src/stm32f1xx_hal_rcc_ex.o
LOAD Drivers/STM32F1xx_HAL_Driver/Src/stm32f1xx_hal_tim.o
LOAD Drivers/STM32F1xx_HAL_Driver/Src/stm32f1xx_hal_tim_ex.o
LOAD Drivers/STM32F1xx_HAL_Driver/Src/stm32f1xx_hal_uart.o
START GROUP
LOAD c:/st/stm32cubeide_1.6.1/stm32cubeide/plugins/com.st.stm32cube.ide.mcu.externaltools.gnu-tools-for-stm32.9-2020-q2-update.win32_1.5.0.202011040924/tools/bin/../lib/gcc/arm-none-eabi/9.3.1/../../../../arm-none-eabi/lib/thumb/v7-m/nofp\libc_nano.a
LOAD c:/st/stm32cubeide_1.6.1/stm32cubeide/plugins/com.st.stm32cube.ide.mcu.externaltools.gnu-tools-for-stm32.9-2020-q2-update.win32_1.5.0.202011040924/tools/bin/../lib/gcc/arm-none-eabi/9.3.1/../../../../arm-none-eabi/lib/thumb/v7-m/nofp\libm.a
END GROUP
START GROUP
LOAD c:/st/stm32cubeide_1.6.1/stm32cubeide/plugins/com.st.stm32cube.ide.mcu.externaltools.gnu-tools-for-stm32.9-2020-q2-update.win32_1.5.0.202011040924/tools/bin/../lib/gcc/arm-none-eabi/9.3.1/thumb/v7-m/nofp\libgcc.a
LOAD c:/st/stm32cubeide_1.6.1/stm32cubeide/plugins/com.st.stm32cube.ide.mcu.externaltools.gnu-tools-for-stm32.9-2020-q2-update.win32_1.5.0.202011040924/tools/bin/../lib/gcc/arm-none-eabi/9.3.1/../../../../arm-none-eabi/lib/thumb/v7-m/nofp\libc_nano.a
END GROUP
START GROUP
LOAD c:/st/stm32cubeide_1.6.1/stm32cubeide/plugins/com.st.stm32cube.ide.mcu.externaltools.gnu-tools-for-stm32.9-2020-q2-update.win32_1.5.0.202011040924/tools/bin/../lib/gcc/arm-none-eabi/9.3.1/thumb/v7-m/nofp\libgcc.a
LOAD c:/st/stm32cubeide_1.6.1/stm32cubeide/plugins/com.st.stm32cube.ide.mcu.externaltools.gnu-tools-for-stm32.9-2020-q2-update.win32_1.5.0.202011040924/tools/bin/../lib/gcc/arm-none-eabi/9.3.1/../../../../arm-none-eabi/lib/thumb/v7-m/nofp\libc_nano.a
LOAD c:/st/stm32cubeide_1.6.1/stm32cubeide/plugins/com.st.stm32cube.ide.mcu.externaltools.gnu-tools-for-stm32.9-2020-q2-update.win32_1.5.0.202011040924/tools/bin/../lib/gcc/arm-none-eabi/9.3.1/../../../../arm-none-eabi/lib/thumb/v7-m/nofp\libnosys.a
END GROUP
START GROUP
LOAD c:/st/stm32cubeide_1.6.1/stm32cubeide/plugins/com.st.stm32cube.ide.mcu.externaltools.gnu-tools-for-stm32.9-2020-q2-update.win32_1.5.0.202011040924/tools/bin/../lib/gcc/arm-none-eabi/9.3.1/thumb/v7-m/nofp\libgcc.a
LOAD c:/st/stm32cubeide_1.6.1/stm32cubeide/plugins/com.st.stm32cube.ide.mcu.externaltools.gnu-tools-for-stm32.9-2020-q2-update.win32_1.5.0.202011040924/tools/bin/../lib/gcc/arm-none-eabi/9.3.1/../../../../arm-none-eabi/lib/thumb/v7-m/nofp\libc_nano.a
LOAD c:/st/stm32cubeide_1.6.1/stm32cubeide/plugins/com.st.stm32cube.ide.mcu.externaltools.gnu-tools-for-stm32.9-2020-q2-update.win32_1.5.0.202011040924/tools/bin/../lib/gcc/arm-none-eabi/9.3.1/../../../../arm-none-eabi/lib/thumb/v7-m/nofp\libnosys.a
END GROUP
LOAD c:/st/stm32cubeide_1.6.1/stm32cubeide/plugins/com.st.stm32cube.ide.mcu.externaltools.gnu-tools-for-stm32.9-2020-q2-update.win32_1.5.0.202011040924/tools/bin/../lib/gcc/arm-none-eabi/9.3.1/thumb/v7-m/nofp/crtend.o
LOAD c:/st/stm32cubeide_1.6.1/stm32cubeide/plugins/com.st.stm32cube.ide.mcu.externaltools.gnu-tools-for-stm32.9-2020-q2-update.win32_1.5.0.202011040924/tools/bin/../lib/gcc/arm-none-eabi/9.3.1/thumb/v7-m/nofp/crtn.o
                0x0000000020005000                _estack = (ORIGIN (RAM) + LENGTH (RAM))
                0x0000000000000200                _Min_Heap_Size = 0x200
                0x0000000000000400                _Min_Stack_Size = 0x400

.isr_vector     0x0000000008000000      0x10c
                0x0000000008000000                . = ALIGN (0x4)
 *(.isr_vector)
 .isr_vector    0x0000000008000000      0x10c Core/Startup/startup_stm32f103rbtx.o
                0x0000000008000000                g_pfnVectors
                0x000000000800010c                . = ALIGN (0x4)

.text           0x000000000800010c     0x27cc
                0x000000000800010c                . = ALIGN (0x4)
 *(.text)
 .text          0x000000000800010c       0x40 c:/st/stm32cubeide_1.6.1/stm32cubeide/plugins/com.st.stm32cube.ide.mcu.externaltools.gnu-tools-for-stm32.9-2020-q2-update.win32_1.5.0.202011040924/tools/bin/../lib/gcc/arm-none-eabi/9.3.1/thumb/v7-m/nofp/crtbegin.o
 .text          0x000000000800014c       0x10 c:/st/stm32cubeide_1.6.1/stm32cubeide/plugins/com.st.stm32cube.ide.mcu.externaltools.gnu-tools-for-stm32.9-2020-q2-update.win32_1.5.0.202011040924/tools/bin/../lib/gcc/arm-none-eabi/9.3.1/../../../../arm-none-eabi/lib/thumb/v7-m/nofp\libc_nano.a(lib_a-strlen.o)
                0x000000000800014c                strlen
 *(.text*)
 .text.printDebug
                0x000000000800015c       0x2c Core/Src/main.o
                0x000000000800015c                printDebug
 .text.main     0x0000000008000188       0x84 Core/Src/main.o
                0x0000000008000188                main
 .text.SystemClock_Config
                0x000000000800020c       0x82 Core/Src/main.o
                0x000000000800020c                SystemClock_Config
 *fill*         0x000000000800028e        0x2 
 .text.MX_I2C1_Init
                0x0000000008000290       0x5c Core/Src/main.o
 .text.MX_USART2_UART_Init
                0x00000000080002ec       0x54 Core/Src/main.o
 .text.MX_GPIO_Init
                0x0000000008000340       0xdc Core/Src/main.o
 .text.Error_Handler
                0x000000000800041c        0xa Core/Src/main.o
                0x000000000800041c                Error_Handler
 *fill*         0x0000000008000426        0x2 
 .text.HAL_MspInit
                0x0000000008000428       0x64 Core/Src/stm32f1xx_hal_msp.o
                0x0000000008000428                HAL_MspInit
 .text.HAL_I2C_MspInit
                0x000000000800048c       0x7c Core/Src/stm32f1xx_hal_msp.o
                0x000000000800048c                HAL_I2C_MspInit
 .text.HAL_UART_MspInit
                0x0000000008000508       0x7c Core/Src/stm32f1xx_hal_msp.o
                0x0000000008000508                HAL_UART_MspInit
 .text.NMI_Handler
                0x0000000008000584        0x6 Core/Src/stm32f1xx_it.o
                0x0000000008000584                NMI_Handler
 .text.HardFault_Handler
                0x000000000800058a        0x6 Core/Src/stm32f1xx_it.o
                0x000000000800058a                HardFault_Handler
 .text.MemManage_Handler
                0x0000000008000590        0x6 Core/Src/stm32f1xx_it.o
                0x0000000008000590                MemManage_Handler
 .text.BusFault_Handler
                0x0000000008000596        0x6 Core/Src/stm32f1xx_it.o
                0x0000000008000596                BusFault_Handler
 .text.UsageFault_Handler
                0x000000000800059c        0x6 Core/Src/stm32f1xx_it.o
                0x000000000800059c                UsageFault_Handler
 .text.SVC_Handler
                0x00000000080005a2        0xc Core/Src/stm32f1xx_it.o
                0x00000000080005a2                SVC_Handler
 .text.DebugMon_Handler
                0x00000000080005ae        0xc Core/Src/stm32f1xx_it.o
                0x00000000080005ae                DebugMon_Handler
 .text.PendSV_Handler
                0x00000000080005ba        0xc Core/Src/stm32f1xx_it.o
                0x00000000080005ba                PendSV_Handler
 .text.SysTick_Handler
                0x00000000080005c6        0xc Core/Src/stm32f1xx_it.o
                0x00000000080005c6                SysTick_Handler
 .text.EXTI15_10_IRQHandler
                0x00000000080005d2       0x10 Core/Src/stm32f1xx_it.o
                0x00000000080005d2                EXTI15_10_IRQHandler
 .text.SystemInit
                0x00000000080005e2        0xc Core/Src/system_stm32f1xx.o
                0x00000000080005e2                SystemInit
 *fill*         0x00000000080005ee        0x2 
 .text.Reset_Handler
                0x00000000080005f0       0x48 Core/Startup/startup_stm32f103rbtx.o
                0x00000000080005f0                Reset_Handler
 .text.Default_Handler
                0x0000000008000638        0x2 Core/Startup/startup_stm32f103rbtx.o
                0x0000000008000638                RTC_Alarm_IRQHandler
                0x0000000008000638                EXTI2_IRQHandler
                0x0000000008000638                TIM1_CC_IRQHandler
                0x0000000008000638                PVD_IRQHandler
                0x0000000008000638                EXTI3_IRQHandler
                0x0000000008000638                EXTI0_IRQHandler
                0x0000000008000638                I2C2_EV_IRQHandler
                0x0000000008000638                ADC1_2_IRQHandler
                0x0000000008000638                SPI1_IRQHandler
                0x0000000008000638                TAMPER_IRQHandler
                0x0000000008000638                DMA1_Channel4_IRQHandler
                0x0000000008000638                USART3_IRQHandler
                0x0000000008000638                RTC_IRQHandler
                0x0000000008000638                DMA1_Channel7_IRQHandler
                0x0000000008000638                CAN1_RX1_IRQHandler
                0x0000000008000638                TIM4_IRQHandler
                0x0000000008000638                I2C1_EV_IRQHandler
                0x0000000008000638                DMA1_Channel6_IRQHandler
                0x0000000008000638                TIM3_IRQHandler
                0x0000000008000638                RCC_IRQHandler
                0x0000000008000638                TIM1_TRG_COM_IRQHandler
                0x0000000008000638                DMA1_Channel1_IRQHandler
                0x0000000008000638                Default_Handler
                0x0000000008000638                EXTI9_5_IRQHandler
                0x0000000008000638                SPI2_IRQHandler
                0x0000000008000638                DMA1_Channel5_IRQHandler
                0x0000000008000638                EXTI4_IRQHandler
                0x0000000008000638                USB_LP_CAN1_RX0_IRQHandler
                0x0000000008000638                USB_HP_CAN1_TX_IRQHandler
                0x0000000008000638                DMA1_Channel3_IRQHandler
                0x0000000008000638                TIM1_UP_IRQHandler
                0x0000000008000638                WWDG_IRQHandler
                0x0000000008000638                TIM2_IRQHandler
                0x0000000008000638                TIM1_BRK_IRQHandler
                0x0000000008000638                EXTI1_IRQHandler
                0x0000000008000638                USART2_IRQHandler
                0x0000000008000638                I2C2_ER_IRQHandler
                0x0000000008000638                DMA1_Channel2_IRQHandler
                0x0000000008000638                CAN1_SCE_IRQHandler
                0x0000000008000638                FLASH_IRQHandler
                0x0000000008000638                USART1_IRQHandler
                0x0000000008000638                I2C1_ER_IRQHandler
                0x0000000008000638                USBWakeUp_IRQHandler
 *fill*         0x000000000800063a        0x2 
 .text.HAL_Init
                0x000000000800063c       0x2c Drivers/STM32F1xx_HAL_Driver/Src/stm32f1xx_hal.o
                0x000000000800063c                HAL_Init
 .text.HAL_InitTick
                0x0000000008000668       0x60 Drivers/STM32F1xx_HAL_Driver/Src/stm32f1xx_hal.o
                0x0000000008000668                HAL_InitTick
 .text.HAL_IncTick
                0x00000000080006c8       0x24 Drivers/STM32F1xx_HAL_Driver/Src/stm32f1xx_hal.o
                0x00000000080006c8                HAL_IncTick
 .text.HAL_GetTick
                0x00000000080006ec       0x14 Drivers/STM32F1xx_HAL_Driver/Src/stm32f1xx_hal.o
                0x00000000080006ec                HAL_GetTick
 .text.HAL_Delay
                0x0000000008000700       0x48 Drivers/STM32F1xx_HAL_Driver/Src/stm32f1xx_hal.o
                0x0000000008000700                HAL_Delay
 .text.__NVIC_SetPriorityGrouping
                0x0000000008000748       0x48 Drivers/STM32F1xx_HAL_Driver/Src/stm32f1xx_hal_cortex.o
 .text.__NVIC_GetPriorityGrouping
                0x0000000008000790       0x1c Drivers/STM32F1xx_HAL_Driver/Src/stm32f1xx_hal_cortex.o
 .text.__NVIC_EnableIRQ
                0x00000000080007ac       0x38 Drivers/STM32F1xx_HAL_Driver/Src/stm32f1xx_hal_cortex.o
 .text.__NVIC_SetPriority
                0x00000000080007e4       0x54 Drivers/STM32F1xx_HAL_Driver/Src/stm32f1xx_hal_cortex.o
 .text.NVIC_EncodePriority
                0x0000000008000838       0x64 Drivers/STM32F1xx_HAL_Driver/Src/stm32f1xx_hal_cortex.o
 .text.SysTick_Config
                0x000000000800089c       0x44 Drivers/STM32F1xx_HAL_Driver/Src/stm32f1xx_hal_cortex.o
 .text.HAL_NVIC_SetPriorityGrouping
                0x00000000080008e0       0x16 Drivers/STM32F1xx_HAL_Driver/Src/stm32f1xx_hal_cortex.o
                0x00000000080008e0                HAL_NVIC_SetPriorityGrouping
 .text.HAL_NVIC_SetPriority
                0x00000000080008f6       0x38 Drivers/STM32F1xx_HAL_Driver/Src/stm32f1xx_hal_cortex.o
                0x00000000080008f6                HAL_NVIC_SetPriority
 .text.HAL_NVIC_EnableIRQ
                0x000000000800092e       0x1c Drivers/STM32F1xx_HAL_Driver/Src/stm32f1xx_hal_cortex.o
                0x000000000800092e                HAL_NVIC_EnableIRQ
 .text.HAL_SYSTICK_Config
                0x000000000800094a       0x18 Drivers/STM32F1xx_HAL_Driver/Src/stm32f1xx_hal_cortex.o
                0x000000000800094a                HAL_SYSTICK_Config
 *fill*         0x0000000008000962        0x2 
 .text.HAL_GPIO_Init
                0x0000000008000964      0x308 Drivers/STM32F1xx_HAL_Driver/Src/stm32f1xx_hal_gpio.o
                0x0000000008000964                HAL_GPIO_Init
 .text.HAL_GPIO_WritePin
                0x0000000008000c6c       0x30 Drivers/STM32F1xx_HAL_Driver/Src/stm32f1xx_hal_gpio.o
                0x0000000008000c6c                HAL_GPIO_WritePin
 .text.HAL_GPIO_EXTI_IRQHandler
                0x0000000008000c9c       0x30 Drivers/STM32F1xx_HAL_Driver/Src/stm32f1xx_hal_gpio.o
                0x0000000008000c9c                HAL_GPIO_EXTI_IRQHandler
 .text.HAL_GPIO_EXTI_Callback
                0x0000000008000ccc       0x14 Drivers/STM32F1xx_HAL_Driver/Src/stm32f1xx_hal_gpio.o
                0x0000000008000ccc                HAL_GPIO_EXTI_Callback
 .text.HAL_I2C_Init
                0x0000000008000ce0      0x288 Drivers/STM32F1xx_HAL_Driver/Src/stm32f1xx_hal_i2c.o
                0x0000000008000ce0                HAL_I2C_Init
 .text.HAL_I2C_Master_Transmit
                0x0000000008000f68      0x1fc Drivers/STM32F1xx_HAL_Driver/Src/stm32f1xx_hal_i2c.o
                0x0000000008000f68                HAL_I2C_Master_Transmit
 .text.HAL_I2C_Mem_Read
                0x0000000008001164      0x4d0 Drivers/STM32F1xx_HAL_Driver/Src/stm32f1xx_hal_i2c.o
                0x0000000008001164                HAL_I2C_Mem_Read
 .text.I2C_MasterRequestWrite
                0x0000000008001634      0x104 Drivers/STM32F1xx_HAL_Driver/Src/stm32f1xx_hal_i2c.o
 .text.I2C_RequestMemoryRead
                0x0000000008001738      0x1d0 Drivers/STM32F1xx_HAL_Driver/Src/stm32f1xx_hal_i2c.o
 .text.I2C_WaitOnFlagUntilTimeout
                0x0000000008001908       0xae Drivers/STM32F1xx_HAL_Driver/Src/stm32f1xx_hal_i2c.o
 .text.I2C_WaitOnMasterAddressFlagUntilTimeout
                0x00000000080019b6       0xfe Drivers/STM32F1xx_HAL_Driver/Src/stm32f1xx_hal_i2c.o
 .text.I2C_WaitOnTXEFlagUntilTimeout
                0x0000000008001ab4       0x82 Drivers/STM32F1xx_HAL_Driver/Src/stm32f1xx_hal_i2c.o
 .text.I2C_WaitOnBTFFlagUntilTimeout
                0x0000000008001b36       0x82 Drivers/STM32F1xx_HAL_Driver/Src/stm32f1xx_hal_i2c.o
 .text.I2C_WaitOnRXNEFlagUntilTimeout
                0x0000000008001bb8       0xac Drivers/STM32F1xx_HAL_Driver/Src/stm32f1xx_hal_i2c.o
 .text.I2C_IsAcknowledgeFailed
                0x0000000008001c64       0x5c Drivers/STM32F1xx_HAL_Driver/Src/stm32f1xx_hal_i2c.o
 .text.HAL_RCC_OscConfig
                0x0000000008001cc0      0x500 Drivers/STM32F1xx_HAL_Driver/Src/stm32f1xx_hal_rcc.o
                0x0000000008001cc0                HAL_RCC_OscConfig
 .text.HAL_RCC_ClockConfig
                0x00000000080021c0      0x1d4 Drivers/STM32F1xx_HAL_Driver/Src/stm32f1xx_hal_rcc.o
                0x00000000080021c0                HAL_RCC_ClockConfig
 .text.HAL_RCC_GetSysClockFreq
                0x0000000008002394       0xc4 Drivers/STM32F1xx_HAL_Driver/Src/stm32f1xx_hal_rcc.o
                0x0000000008002394                HAL_RCC_GetSysClockFreq
 .text.HAL_RCC_GetHCLKFreq
                0x0000000008002458       0x14 Drivers/STM32F1xx_HAL_Driver/Src/stm32f1xx_hal_rcc.o
                0x0000000008002458                HAL_RCC_GetHCLKFreq
 .text.HAL_RCC_GetPCLK1Freq
                0x000000000800246c       0x28 Drivers/STM32F1xx_HAL_Driver/Src/stm32f1xx_hal_rcc.o
                0x000000000800246c                HAL_RCC_GetPCLK1Freq
 .text.HAL_RCC_GetPCLK2Freq
                0x0000000008002494       0x28 Drivers/STM32F1xx_HAL_Driver/Src/stm32f1xx_hal_rcc.o
                0x0000000008002494                HAL_RCC_GetPCLK2Freq
 .text.RCC_Delay
                0x00000000080024bc       0x3c Drivers/STM32F1xx_HAL_Driver/Src/stm32f1xx_hal_rcc.o
 .text.HAL_UART_Init
                0x00000000080024f8       0x9a Drivers/STM32F1xx_HAL_Driver/Src/stm32f1xx_hal_uart.o
                0x00000000080024f8                HAL_UART_Init
 .text.HAL_UART_Transmit
                0x0000000008002592      0x124 Drivers/STM32F1xx_HAL_Driver/Src/stm32f1xx_hal_uart.o
                0x0000000008002592                HAL_UART_Transmit
 .text.UART_WaitOnFlagUntilTimeout
                0x00000000080026b6       0x94 Drivers/STM32F1xx_HAL_Driver/Src/stm32f1xx_hal_uart.o
 *fill*         0x000000000800274a        0x2 
 .text.UART_SetConfig
                0x000000000800274c      0x11c Drivers/STM32F1xx_HAL_Driver/Src/stm32f1xx_hal_uart.o
 .text.__libc_init_array
                0x0000000008002868       0x48 c:/st/stm32cubeide_1.6.1/stm32cubeide/plugins/com.st.stm32cube.ide.mcu.externaltools.gnu-tools-for-stm32.9-2020-q2-update.win32_1.5.0.202011040924/tools/bin/../lib/gcc/arm-none-eabi/9.3.1/../../../../arm-none-eabi/lib/thumb/v7-m/nofp\libc_nano.a(lib_a-init.o)
                0x0000000008002868                __libc_init_array
 .text.memset   0x00000000080028b0       0x10 c:/st/stm32cubeide_1.6.1/stm32cubeide/plugins/com.st.stm32cube.ide.mcu.externaltools.gnu-tools-for-stm32.9-2020-q2-update.win32_1.5.0.202011040924/tools/bin/../lib/gcc/arm-none-eabi/9.3.1/../../../../arm-none-eabi/lib/thumb/v7-m/nofp\libc_nano.a(lib_a-memset.o)
                0x00000000080028b0                memset
 *(.glue_7)
 .glue_7        0x00000000080028c0        0x0 linker stubs
 *(.glue_7t)
 .glue_7t       0x00000000080028c0        0x0 linker stubs
 *(.eh_frame)
 .eh_frame      0x00000000080028c0        0x0 c:/st/stm32cubeide_1.6.1/stm32cubeide/plugins/com.st.stm32cube.ide.mcu.externaltools.gnu-tools-for-stm32.9-2020-q2-update.win32_1.5.0.202011040924/tools/bin/../lib/gcc/arm-none-eabi/9.3.1/thumb/v7-m/nofp/crtbegin.o
 *(.init)
 .init          0x00000000080028c0        0x4 c:/st/stm32cubeide_1.6.1/stm32cubeide/plugins/com.st.stm32cube.ide.mcu.externaltools.gnu-tools-for-stm32.9-2020-q2-update.win32_1.5.0.202011040924/tools/bin/../lib/gcc/arm-none-eabi/9.3.1/thumb/v7-m/nofp/crti.o
                0x00000000080028c0                _init
 .init          0x00000000080028c4        0x8 c:/st/stm32cubeide_1.6.1/stm32cubeide/plugins/com.st.stm32cube.ide.mcu.externaltools.gnu-tools-for-stm32.9-2020-q2-update.win32_1.5.0.202011040924/tools/bin/../lib/gcc/arm-none-eabi/9.3.1/thumb/v7-m/nofp/crtn.o
 *(.fini)
 .fini          0x00000000080028cc        0x4 c:/st/stm32cubeide_1.6.1/stm32cubeide/plugins/com.st.stm32cube.ide.mcu.externaltools.gnu-tools-for-stm32.9-2020-q2-update.win32_1.5.0.202011040924/tools/bin/../lib/gcc/arm-none-eabi/9.3.1/thumb/v7-m/nofp/crti.o
                0x00000000080028cc                _fini
 .fini          0x00000000080028d0        0x8 c:/st/stm32cubeide_1.6.1/stm32cubeide/plugins/com.st.stm32cube.ide.mcu.externaltools.gnu-tools-for-stm32.9-2020-q2-update.win32_1.5.0.202011040924/tools/bin/../lib/gcc/arm-none-eabi/9.3.1/thumb/v7-m/nofp/crtn.o
                0x00000000080028d8                . = ALIGN (0x4)
                0x00000000080028d8                _etext = .

.vfp11_veneer   0x00000000080028d8        0x0
 .vfp11_veneer  0x00000000080028d8        0x0 linker stubs

.v4_bx          0x00000000080028d8        0x0
 .v4_bx         0x00000000080028d8        0x0 linker stubs

.iplt           0x00000000080028d8        0x0
 .iplt          0x00000000080028d8        0x0 c:/st/stm32cubeide_1.6.1/stm32cubeide/plugins/com.st.stm32cube.ide.mcu.externaltools.gnu-tools-for-stm32.9-2020-q2-update.win32_1.5.0.202011040924/tools/bin/../lib/gcc/arm-none-eabi/9.3.1/thumb/v7-m/nofp/crtbegin.o

.rodata         0x00000000080028d8       0x4c
                0x00000000080028d8                . = ALIGN (0x4)
 *(.rodata)
 .rodata        0x00000000080028d8       0x23 Core/Src/main.o
 *fill*         0x00000000080028fb        0x1 
 .rodata        0x00000000080028fc       0x10 Drivers/STM32F1xx_HAL_Driver/Src/stm32f1xx_hal_rcc.o
 *(.rodata*)
 .rodata.AHBPrescTable
                0x000000000800290c       0x10 Core/Src/system_stm32f1xx.o
                0x000000000800290c                AHBPrescTable
 .rodata.APBPrescTable
                0x000000000800291c        0x8 Core/Src/system_stm32f1xx.o
                0x000000000800291c                APBPrescTable
                0x0000000008002924                . = ALIGN (0x4)

.rel.dyn        0x0000000008002924        0x0
 .rel.iplt      0x0000000008002924        0x0 c:/st/stm32cubeide_1.6.1/stm32cubeide/plugins/com.st.stm32cube.ide.mcu.externaltools.gnu-tools-for-stm32.9-2020-q2-update.win32_1.5.0.202011040924/tools/bin/../lib/gcc/arm-none-eabi/9.3.1/thumb/v7-m/nofp/crtbegin.o

.ARM.extab      0x0000000008002924        0x0
                0x0000000008002924                . = ALIGN (0x4)
 *(.ARM.extab* .gnu.linkonce.armextab.*)
                0x0000000008002924                . = ALIGN (0x4)

.ARM            0x0000000008002924        0x0
                0x0000000008002924                . = ALIGN (0x4)
                0x0000000008002924                __exidx_start = .
 *(.ARM.exidx*)
                0x0000000008002924                __exidx_end = .
                0x0000000008002924                . = ALIGN (0x4)

.preinit_array  0x0000000008002924        0x0
                0x0000000008002924                . = ALIGN (0x4)
                0x0000000008002924                PROVIDE (__preinit_array_start = .)
 *(.preinit_array*)
                0x0000000008002924                PROVIDE (__preinit_array_end = .)
                0x0000000008002924                . = ALIGN (0x4)

.init_array     0x0000000008002924        0x4
                0x0000000008002924                . = ALIGN (0x4)
                0x0000000008002924                PROVIDE (__init_array_start = .)
 *(SORT_BY_NAME(.init_array.*))
 *(.init_array*)
 .init_array    0x0000000008002924        0x4 c:/st/stm32cubeide_1.6.1/stm32cubeide/plugins/com.st.stm32cube.ide.mcu.externaltools.gnu-tools-for-stm32.9-2020-q2-update.win32_1.5.0.202011040924/tools/bin/../lib/gcc/arm-none-eabi/9.3.1/thumb/v7-m/nofp/crtbegin.o
                0x0000000008002928                PROVIDE (__init_array_end = .)
                0x0000000008002928                . = ALIGN (0x4)

.fini_array     0x0000000008002928        0x4
                0x0000000008002928                . = ALIGN (0x4)
                [!provide]                        PROVIDE (__fini_array_start = .)
 *(SORT_BY_NAME(.fini_array.*))
 *(.fini_array*)
 .fini_array    0x0000000008002928        0x4 c:/st/stm32cubeide_1.6.1/stm32cubeide/plugins/com.st.stm32cube.ide.mcu.externaltools.gnu-tools-for-stm32.9-2020-q2-update.win32_1.5.0.202011040924/tools/bin/../lib/gcc/arm-none-eabi/9.3.1/thumb/v7-m/nofp/crtbegin.o
                [!provide]                        PROVIDE (__fini_array_end = .)
                0x000000000800292c                . = ALIGN (0x4)
                0x000000000800292c                _sidata = LOADADDR (.data)

.data           0x0000000020000000        0xc load address 0x000000000800292c
                0x0000000020000000                . = ALIGN (0x4)
                0x0000000020000000                _sdata = .
 *(.data)
 *(.data*)
 .data.SystemCoreClock
                0x0000000020000000        0x4 Core/Src/system_stm32f1xx.o
                0x0000000020000000                SystemCoreClock
 .data.uwTickPrio
                0x0000000020000004        0x4 Drivers/STM32F1xx_HAL_Driver/Src/stm32f1xx_hal.o
                0x0000000020000004                uwTickPrio
 .data.uwTickFreq
                0x0000000020000008        0x1 Drivers/STM32F1xx_HAL_Driver/Src/stm32f1xx_hal.o
                0x0000000020000008                uwTickFreq
 *(.RamFunc)
 *(.RamFunc*)
                0x000000002000000c                . = ALIGN (0x4)
 *fill*         0x0000000020000009        0x3 
                0x000000002000000c                _edata = .

.igot.plt       0x000000002000000c        0x0 load address 0x0000000008002938
 .igot.plt      0x000000002000000c        0x0 c:/st/stm32cubeide_1.6.1/stm32cubeide/plugins/com.st.stm32cube.ide.mcu.externaltools.gnu-tools-for-stm32.9-2020-q2-update.win32_1.5.0.202011040924/tools/bin/../lib/gcc/arm-none-eabi/9.3.1/thumb/v7-m/nofp/crtbegin.o
                0x000000002000000c                . = ALIGN (0x4)

.bss            0x000000002000000c       0xd4 load address 0x0000000008002938
                0x000000002000000c                _sbss = .
                0x000000002000000c                __bss_start__ = _sbss
 *(.bss)
 .bss           0x000000002000000c       0x1c c:/st/stm32cubeide_1.6.1/stm32cubeide/plugins/com.st.stm32cube.ide.mcu.externaltools.gnu-tools-for-stm32.9-2020-q2-update.win32_1.5.0.202011040924/tools/bin/../lib/gcc/arm-none-eabi/9.3.1/thumb/v7-m/nofp/crtbegin.o
 *(.bss*)
 *(COMMON)
 COMMON         0x0000000020000028        0x1 Core/Src/BMI088.o
                0x0000000020000028                debugTest
 *fill*         0x0000000020000029        0x3 
 COMMON         0x000000002000002c       0xb0 Core/Src/main.o
                0x000000002000002c                imu
                0x0000000020000048                hi2c1
                0x000000002000009c                huart2
 COMMON         0x00000000200000dc        0x4 Drivers/STM32F1xx_HAL_Driver/Src/stm32f1xx_hal.o
                0x00000000200000dc                uwTick
                0x00000000200000e0                . = ALIGN (0x4)
                0x00000000200000e0                _ebss = .
                0x00000000200000e0                __bss_end__ = _ebss

._user_heap_stack
                0x00000000200000e0      0x600 load address 0x0000000008002938
                0x00000000200000e0                . = ALIGN (0x8)
                [!provide]                        PROVIDE (end = .)
                0x00000000200000e0                PROVIDE (_end = .)
                0x00000000200002e0                . = (. + _Min_Heap_Size)
 *fill*         0x00000000200000e0      0x200 
                0x00000000200006e0                . = (. + _Min_Stack_Size)
 *fill*         0x00000000200002e0      0x400 
                0x00000000200006e0                . = ALIGN (0x8)

/DISCARD/
 libc.a(*)
 libm.a(*)
 libgcc.a(*)

.ARM.attributes
                0x0000000000000000       0x29
 *(.ARM.attributes)
 .ARM.attributes
                0x0000000000000000       0x1d c:/st/stm32cubeide_1.6.1/stm32cubeide/plugins/com.st.stm32cube.ide.mcu.externaltools.gnu-tools-for-stm32.9-2020-q2-update.win32_1.5.0.202011040924/tools/bin/../lib/gcc/arm-none-eabi/9.3.1/thumb/v7-m/nofp/crti.o
 .ARM.attributes
                0x000000000000001d       0x2d c:/st/stm32cubeide_1.6.1/stm32cubeide/plugins/com.st.stm32cube.ide.mcu.externaltools.gnu-tools-for-stm32.9-2020-q2-update.win32_1.5.0.202011040924/tools/bin/../lib/gcc/arm-none-eabi/9.3.1/thumb/v7-m/nofp/crtbegin.o
 .ARM.attributes
                0x000000000000004a       0x2d Core/Src/BMI088.o
 .ARM.attributes
                0x0000000000000077       0x2d Core/Src/main.o
 .ARM.attributes
                0x00000000000000a4       0x2d Core/Src/stm32f1xx_hal_msp.o
 .ARM.attributes
                0x00000000000000d1       0x2d Core/Src/stm32f1xx_it.o
 .ARM.attributes
                0x00000000000000fe       0x2d Core/Src/system_stm32f1xx.o
 .ARM.attributes
                0x000000000000012b       0x21 Core/Startup/startup_stm32f103rbtx.o
 .ARM.attributes
                0x000000000000014c       0x2d Drivers/STM32F1xx_HAL_Driver/Src/stm32f1xx_hal.o
 .ARM.attributes
                0x0000000000000179       0x2d Drivers/STM32F1xx_HAL_Driver/Src/stm32f1xx_hal_cortex.o
 .ARM.attributes
                0x00000000000001a6       0x2d Drivers/STM32F1xx_HAL_Driver/Src/stm32f1xx_hal_gpio.o
 .ARM.attributes
                0x00000000000001d3       0x2d Drivers/STM32F1xx_HAL_Driver/Src/stm32f1xx_hal_i2c.o
 .ARM.attributes
                0x0000000000000200       0x2d Drivers/STM32F1xx_HAL_Driver/Src/stm32f1xx_hal_rcc.o
 .ARM.attributes
                0x000000000000022d       0x2d Drivers/STM32F1xx_HAL_Driver/Src/stm32f1xx_hal_uart.o
 .ARM.attributes
                0x000000000000025a       0x2d c:/st/stm32cubeide_1.6.1/stm32cubeide/plugins/com.st.stm32cube.ide.mcu.externaltools.gnu-tools-for-stm32.9-2020-q2-update.win32_1.5.0.202011040924/tools/bin/../lib/gcc/arm-none-eabi/9.3.1/../../../../arm-none-eabi/lib/thumb/v7-m/nofp\libc_nano.a(lib_a-init.o)
 .ARM.attributes
                0x0000000000000287       0x2d c:/st/stm32cubeide_1.6.1/stm32cubeide/plugins/com.st.stm32cube.ide.mcu.externaltools.gnu-tools-for-stm32.9-2020-q2-update.win32_1.5.0.202011040924/tools/bin/../lib/gcc/arm-none-eabi/9.3.1/../../../../arm-none-eabi/lib/thumb/v7-m/nofp\libc_nano.a(lib_a-memset.o)
 .ARM.attributes
                0x00000000000002b4       0x17 c:/st/stm32cubeide_1.6.1/stm32cubeide/plugins/com.st.stm32cube.ide.mcu.externaltools.gnu-tools-for-stm32.9-2020-q2-update.win32_1.5.0.202011040924/tools/bin/../lib/gcc/arm-none-eabi/9.3.1/../../../../arm-none-eabi/lib/thumb/v7-m/nofp\libc_nano.a(lib_a-strlen.o)
 .ARM.attributes
                0x00000000000002cb       0x1d c:/st/stm32cubeide_1.6.1/stm32cubeide/plugins/com.st.stm32cube.ide.mcu.externaltools.gnu-tools-for-stm32.9-2020-q2-update.win32_1.5.0.202011040924/tools/bin/../lib/gcc/arm-none-eabi/9.3.1/thumb/v7-m/nofp/crtn.o
OUTPUT(nucleo-workspace.elf elf32-littlearm)
LOAD linker stubs
LOAD c:/st/stm32cubeide_1.6.1/stm32cubeide/plugins/com.st.stm32cube.ide.mcu.externaltools.gnu-tools-for-stm32.9-2020-q2-update.win32_1.5.0.202011040924/tools/bin/../lib/gcc/arm-none-eabi/9.3.1/../../../../arm-none-eabi/lib/thumb/v7-m/nofp\libc.a
LOAD c:/st/stm32cubeide_1.6.1/stm32cubeide/plugins/com.st.stm32cube.ide.mcu.externaltools.gnu-tools-for-stm32.9-2020-q2-update.win32_1.5.0.202011040924/tools/bin/../lib/gcc/arm-none-eabi/9.3.1/../../../../arm-none-eabi/lib/thumb/v7-m/nofp\libm.a
LOAD c:/st/stm32cubeide_1.6.1/stm32cubeide/plugins/com.st.stm32cube.ide.mcu.externaltools.gnu-tools-for-stm32.9-2020-q2-update.win32_1.5.0.202011040924/tools/bin/../lib/gcc/arm-none-eabi/9.3.1/thumb/v7-m/nofp\libgcc.a

.debug_info     0x0000000000000000     0x8ea5
 .debug_info    0x0000000000000000      0x876 Core/Src/BMI088.o
 .debug_info    0x0000000000000876     0x17a2 Core/Src/main.o
 .debug_info    0x0000000000002018      0xbf6 Core/Src/stm32f1xx_hal_msp.o
 .debug_info    0x0000000000002c0e      0x24c Core/Src/stm32f1xx_it.o
 .debug_info    0x0000000000002e5a      0x2be Core/Src/system_stm32f1xx.o
 .debug_info    0x0000000000003118       0x22 Core/Startup/startup_stm32f103rbtx.o
 .debug_info    0x000000000000313a      0x76a Drivers/STM32F1xx_HAL_Driver/Src/stm32f1xx_hal.o
 .debug_info    0x00000000000038a4      0xbdc Drivers/STM32F1xx_HAL_Driver/Src/stm32f1xx_hal_cortex.o
 .debug_info    0x0000000000004480      0x701 Drivers/STM32F1xx_HAL_Driver/Src/stm32f1xx_hal_gpio.o
 .debug_info    0x0000000000004b81     0x2774 Drivers/STM32F1xx_HAL_Driver/Src/stm32f1xx_hal_i2c.o
 .debug_info    0x00000000000072f5      0x88e Drivers/STM32F1xx_HAL_Driver/Src/stm32f1xx_hal_rcc.o
 .debug_info    0x0000000000007b83     0x1322 Drivers/STM32F1xx_HAL_Driver/Src/stm32f1xx_hal_uart.o

.debug_abbrev   0x0000000000000000     0x16c4
 .debug_abbrev  0x0000000000000000      0x1c7 Core/Src/BMI088.o
 .debug_abbrev  0x00000000000001c7      0x2cc Core/Src/main.o
 .debug_abbrev  0x0000000000000493      0x1ac Core/Src/stm32f1xx_hal_msp.o
 .debug_abbrev  0x000000000000063f       0xd2 Core/Src/stm32f1xx_it.o
 .debug_abbrev  0x0000000000000711      0x14e Core/Src/system_stm32f1xx.o
 .debug_abbrev  0x000000000000085f       0x12 Core/Startup/startup_stm32f103rbtx.o
 .debug_abbrev  0x0000000000000871      0x1ed Drivers/STM32F1xx_HAL_Driver/Src/stm32f1xx_hal.o
 .debug_abbrev  0x0000000000000a5e      0x313 Drivers/STM32F1xx_HAL_Driver/Src/stm32f1xx_hal_cortex.o
 .debug_abbrev  0x0000000000000d71      0x1e8 Drivers/STM32F1xx_HAL_Driver/Src/stm32f1xx_hal_gpio.o
 .debug_abbrev  0x0000000000000f59      0x288 Drivers/STM32F1xx_HAL_Driver/Src/stm32f1xx_hal_i2c.o
 .debug_abbrev  0x00000000000011e1      0x273 Drivers/STM32F1xx_HAL_Driver/Src/stm32f1xx_hal_rcc.o
 .debug_abbrev  0x0000000000001454      0x270 Drivers/STM32F1xx_HAL_Driver/Src/stm32f1xx_hal_uart.o

.debug_aranges  0x0000000000000000      0x8b0
 .debug_aranges
                0x0000000000000000       0x30 Core/Src/BMI088.o
 .debug_aranges
                0x0000000000000030       0x50 Core/Src/main.o
 .debug_aranges
                0x0000000000000080       0x40 Core/Src/stm32f1xx_hal_msp.o
 .debug_aranges
                0x00000000000000c0       0x68 Core/Src/stm32f1xx_it.o
 .debug_aranges
                0x0000000000000128       0x28 Core/Src/system_stm32f1xx.o
 .debug_aranges
                0x0000000000000150       0x28 Core/Startup/startup_stm32f103rbtx.o
 .debug_aranges
                0x0000000000000178       0xe0 Drivers/STM32F1xx_HAL_Driver/Src/stm32f1xx_hal.o
 .debug_aranges
                0x0000000000000258      0x100 Drivers/STM32F1xx_HAL_Driver/Src/stm32f1xx_hal_cortex.o
 .debug_aranges
                0x0000000000000358       0x58 Drivers/STM32F1xx_HAL_Driver/Src/stm32f1xx_hal_gpio.o
 .debug_aranges
                0x00000000000003b0      0x2a0 Drivers/STM32F1xx_HAL_Driver/Src/stm32f1xx_hal_i2c.o
 .debug_aranges
                0x0000000000000650       0x90 Drivers/STM32F1xx_HAL_Driver/Src/stm32f1xx_hal_rcc.o
 .debug_aranges
                0x00000000000006e0      0x1d0 Drivers/STM32F1xx_HAL_Driver/Src/stm32f1xx_hal_uart.o

.debug_ranges   0x0000000000000000      0x820
 .debug_ranges  0x0000000000000000       0x20 Core/Src/BMI088.o
 .debug_ranges  0x0000000000000020       0x40 Core/Src/main.o
 .debug_ranges  0x0000000000000060       0x30 Core/Src/stm32f1xx_hal_msp.o
 .debug_ranges  0x0000000000000090       0x58 Core/Src/stm32f1xx_it.o
 .debug_ranges  0x00000000000000e8       0x18 Core/Src/system_stm32f1xx.o
 .debug_ranges  0x0000000000000100       0x20 Core/Startup/startup_stm32f103rbtx.o
 .debug_ranges  0x0000000000000120       0xd0 Drivers/STM32F1xx_HAL_Driver/Src/stm32f1xx_hal.o
 .debug_ranges  0x00000000000001f0       0xf0 Drivers/STM32F1xx_HAL_Driver/Src/stm32f1xx_hal_cortex.o
 .debug_ranges  0x00000000000002e0       0x48 Drivers/STM32F1xx_HAL_Driver/Src/stm32f1xx_hal_gpio.o
 .debug_ranges  0x0000000000000328      0x2b8 Drivers/STM32F1xx_HAL_Driver/Src/stm32f1xx_hal_i2c.o
 .debug_ranges  0x00000000000005e0       0x80 Drivers/STM32F1xx_HAL_Driver/Src/stm32f1xx_hal_rcc.o
 .debug_ranges  0x0000000000000660      0x1c0 Drivers/STM32F1xx_HAL_Driver/Src/stm32f1xx_hal_uart.o

.debug_macro    0x0000000000000000    0x17154
 .debug_macro   0x0000000000000000      0x1a1 Core/Src/BMI088.o
 .debug_macro   0x00000000000001a1      0xa9c Core/Src/BMI088.o
 .debug_macro   0x0000000000000c3d      0x21b Core/Src/BMI088.o
 .debug_macro   0x0000000000000e58       0x2e Core/Src/BMI088.o
 .debug_macro   0x0000000000000e86       0x22 Core/Src/BMI088.o
 .debug_macro   0x0000000000000ea8       0x22 Core/Src/BMI088.o
 .debug_macro   0x0000000000000eca       0x8e Core/Src/BMI088.o
 .debug_macro   0x0000000000000f58       0x51 Core/Src/BMI088.o
 .debug_macro   0x0000000000000fa9      0x103 Core/Src/BMI088.o
 .debug_macro   0x00000000000010ac       0x6a Core/Src/BMI088.o
 .debug_macro   0x0000000000001116      0x1df Core/Src/BMI088.o
 .debug_macro   0x00000000000012f5       0x1c Core/Src/BMI088.o
 .debug_macro   0x0000000000001311       0x22 Core/Src/BMI088.o
 .debug_macro   0x0000000000001333       0xc3 Core/Src/BMI088.o
 .debug_macro   0x00000000000013f6      0xd23 Core/Src/BMI088.o
 .debug_macro   0x0000000000002119     0xe097 Core/Src/BMI088.o
 .debug_macro   0x00000000000101b0       0x43 Core/Src/BMI088.o
 .debug_macro   0x00000000000101f3     0x3468 Core/Src/BMI088.o
 .debug_macro   0x000000000001365b      0x174 Core/Src/BMI088.o
 .debug_macro   0x00000000000137cf       0x5c Core/Src/BMI088.o
 .debug_macro   0x000000000001382b      0x5be Core/Src/BMI088.o
 .debug_macro   0x0000000000013de9      0x289 Core/Src/BMI088.o
 .debug_macro   0x0000000000014072      0x1cb Core/Src/BMI088.o
 .debug_macro   0x000000000001423d      0x114 Core/Src/BMI088.o
 .debug_macro   0x0000000000014351      0x1b2 Core/Src/BMI088.o
 .debug_macro   0x0000000000014503       0x27 Core/Src/BMI088.o
 .debug_macro   0x000000000001452a      0x136 Core/Src/BMI088.o
 .debug_macro   0x0000000000014660      0x1bc Core/Src/BMI088.o
 .debug_macro   0x000000000001481c       0x34 Core/Src/BMI088.o
 .debug_macro   0x0000000000014850       0x3c Core/Src/BMI088.o
 .debug_macro   0x000000000001488c       0x57 Core/Src/BMI088.o
 .debug_macro   0x00000000000148e3       0x88 Core/Src/BMI088.o
 .debug_macro   0x000000000001496b      0x241 Core/Src/BMI088.o
 .debug_macro   0x0000000000014bac      0x287 Core/Src/BMI088.o
 .debug_macro   0x0000000000014e33      0x141 Core/Src/BMI088.o
 .debug_macro   0x0000000000014f74      0x26b Core/Src/BMI088.o
 .debug_macro   0x00000000000151df       0x83 Core/Src/BMI088.o
 .debug_macro   0x0000000000015262       0xa0 Core/Src/BMI088.o
 .debug_macro   0x0000000000015302      0x36d Core/Src/main.o
 .debug_macro   0x000000000001566f       0x5e Core/Src/main.o
 .debug_macro   0x00000000000156cd       0x18 Core/Src/main.o
 .debug_macro   0x00000000000156e5       0x52 Core/Src/main.o
 .debug_macro   0x0000000000015737       0x3c Core/Src/main.o
 .debug_macro   0x0000000000015773       0x34 Core/Src/main.o
 .debug_macro   0x00000000000157a7       0x16 Core/Src/main.o
 .debug_macro   0x00000000000157bd       0x35 Core/Src/main.o
 .debug_macro   0x00000000000157f2       0x16 Core/Src/main.o
 .debug_macro   0x0000000000015808       0x43 Core/Src/main.o
 .debug_macro   0x000000000001584b       0x34 Core/Src/main.o
 .debug_macro   0x000000000001587f       0x10 Core/Src/main.o
 .debug_macro   0x000000000001588f       0x58 Core/Src/main.o
 .debug_macro   0x00000000000158e7       0x71 Core/Src/main.o
 .debug_macro   0x0000000000015958       0x1c Core/Src/main.o
 .debug_macro   0x0000000000015974      0x12a Core/Src/main.o
 .debug_macro   0x0000000000015a9e      0x333 Core/Src/main.o
 .debug_macro   0x0000000000015dd1       0x16 Core/Src/main.o
 .debug_macro   0x0000000000015de7       0x29 Core/Src/main.o
 .debug_macro   0x0000000000015e10       0x1c Core/Src/main.o
 .debug_macro   0x0000000000015e2c       0x10 Core/Src/main.o
 .debug_macro   0x0000000000015e3c       0x10 Core/Src/main.o
 .debug_macro   0x0000000000015e4c       0x1c Core/Src/main.o
 .debug_macro   0x0000000000015e68       0x52 Core/Src/main.o
 .debug_macro   0x0000000000015eba       0x22 Core/Src/main.o
 .debug_macro   0x0000000000015edc       0x10 Core/Src/main.o
 .debug_macro   0x0000000000015eec       0x40 Core/Src/main.o
 .debug_macro   0x0000000000015f2c       0xd5 Core/Src/main.o
 .debug_macro   0x0000000000016001       0x1c Core/Src/main.o
 .debug_macro   0x000000000001601d       0x3d Core/Src/main.o
 .debug_macro   0x000000000001605a       0x16 Core/Src/main.o
 .debug_macro   0x0000000000016070      0x145 Core/Src/main.o
 .debug_macro   0x00000000000161b5       0x16 Core/Src/main.o
 .debug_macro   0x00000000000161cb       0x20 Core/Src/main.o
 .debug_macro   0x00000000000161eb      0x1a7 Core/Src/stm32f1xx_hal_msp.o
 .debug_macro   0x0000000000016392      0x1b1 Core/Src/stm32f1xx_it.o
 .debug_macro   0x0000000000016543      0x198 Core/Src/system_stm32f1xx.o
 .debug_macro   0x00000000000166db      0x1bc Drivers/STM32F1xx_HAL_Driver/Src/stm32f1xx_hal.o
 .debug_macro   0x0000000000016897      0x198 Drivers/STM32F1xx_HAL_Driver/Src/stm32f1xx_hal_cortex.o
 .debug_macro   0x0000000000016a2f      0x203 Drivers/STM32F1xx_HAL_Driver/Src/stm32f1xx_hal_gpio.o
 .debug_macro   0x0000000000016c32      0x1df Drivers/STM32F1xx_HAL_Driver/Src/stm32f1xx_hal_i2c.o
 .debug_macro   0x0000000000016e11      0x1aa Drivers/STM32F1xx_HAL_Driver/Src/stm32f1xx_hal_rcc.o
 .debug_macro   0x0000000000016fbb      0x199 Drivers/STM32F1xx_HAL_Driver/Src/stm32f1xx_hal_uart.o

.debug_line     0x0000000000000000     0xa221
 .debug_line    0x0000000000000000      0x7a2 Core/Src/BMI088.o
 .debug_line    0x00000000000007a2      0x9f9 Core/Src/main.o
 .debug_line    0x000000000000119b      0x6f7 Core/Src/stm32f1xx_hal_msp.o
 .debug_line    0x0000000000001892      0x73d Core/Src/stm32f1xx_it.o
 .debug_line    0x0000000000001fcf      0x6e1 Core/Src/system_stm32f1xx.o
 .debug_line    0x00000000000026b0       0x84 Core/Startup/startup_stm32f103rbtx.o
 .debug_line    0x0000000000002734      0x90e Drivers/STM32F1xx_HAL_Driver/Src/stm32f1xx_hal.o
 .debug_line    0x0000000000003042      0xaf6 Drivers/STM32F1xx_HAL_Driver/Src/stm32f1xx_hal_cortex.o
 .debug_line    0x0000000000003b38      0x9a5 Drivers/STM32F1xx_HAL_Driver/Src/stm32f1xx_hal_gpio.o
 .debug_line    0x00000000000044dd     0x3910 Drivers/STM32F1xx_HAL_Driver/Src/stm32f1xx_hal_i2c.o
 .debug_line    0x0000000000007ded      0xd1c Drivers/STM32F1xx_HAL_Driver/Src/stm32f1xx_hal_rcc.o
 .debug_line    0x0000000000008b09     0x1718 Drivers/STM32F1xx_HAL_Driver/Src/stm32f1xx_hal_uart.o

.debug_str      0x0000000000000000    0x84683
 .debug_str     0x0000000000000000    0x7df60 Core/Src/BMI088.o
                                      0x7e33b (size before relaxing)
 .debug_str     0x000000000007df60     0x4942 Core/Src/main.o
                                      0x82d01 (size before relaxing)
 .debug_str     0x00000000000828a2       0xab Core/Src/stm32f1xx_hal_msp.o
                                      0x7e3fd (size before relaxing)
 .debug_str     0x000000000008294d       0xd2 Core/Src/stm32f1xx_it.o
                                      0x7dda3 (size before relaxing)
 .debug_str     0x0000000000082a1f       0x52 Core/Src/system_stm32f1xx.o
                                      0x7dc08 (size before relaxing)
 .debug_str     0x0000000000082a71       0x36 Core/Startup/startup_stm32f103rbtx.o
                                         0x54 (size before relaxing)
 .debug_str     0x0000000000082aa7      0x304 Drivers/STM32F1xx_HAL_Driver/Src/stm32f1xx_hal.o
                                      0x7e299 (size before relaxing)
 .debug_str     0x0000000000082dab      0x300 Drivers/STM32F1xx_HAL_Driver/Src/stm32f1xx_hal_cortex.o
                                      0x7e2a1 (size before relaxing)
 .debug_str     0x00000000000830ab      0x324 Drivers/STM32F1xx_HAL_Driver/Src/stm32f1xx_hal_gpio.o
                                      0x7dfcc (size before relaxing)
 .debug_str     0x00000000000833cf      0xb4c Drivers/STM32F1xx_HAL_Driver/Src/stm32f1xx_hal_i2c.o
                                      0x7ec44 (size before relaxing)
 .debug_str     0x0000000000083f1b      0x244 Drivers/STM32F1xx_HAL_Driver/Src/stm32f1xx_hal_rcc.o
                                      0x7e005 (size before relaxing)
 .debug_str     0x000000000008415f      0x524 Drivers/STM32F1xx_HAL_Driver/Src/stm32f1xx_hal_uart.o
                                      0x7e50b (size before relaxing)

.comment        0x0000000000000000       0x53
 .comment       0x0000000000000000       0x53 Core/Src/BMI088.o
                                         0x54 (size before relaxing)
 .comment       0x0000000000000053       0x54 Core/Src/main.o
 .comment       0x0000000000000053       0x54 Core/Src/stm32f1xx_hal_msp.o
 .comment       0x0000000000000053       0x54 Core/Src/stm32f1xx_it.o
 .comment       0x0000000000000053       0x54 Core/Src/system_stm32f1xx.o
 .comment       0x0000000000000053       0x54 Drivers/STM32F1xx_HAL_Driver/Src/stm32f1xx_hal.o
 .comment       0x0000000000000053       0x54 Drivers/STM32F1xx_HAL_Driver/Src/stm32f1xx_hal_cortex.o
 .comment       0x0000000000000053       0x54 Drivers/STM32F1xx_HAL_Driver/Src/stm32f1xx_hal_gpio.o
 .comment       0x0000000000000053       0x54 Drivers/STM32F1xx_HAL_Driver/Src/stm32f1xx_hal_i2c.o
 .comment       0x0000000000000053       0x54 Drivers/STM32F1xx_HAL_Driver/Src/stm32f1xx_hal_rcc.o
 .comment       0x0000000000000053       0x54 Drivers/STM32F1xx_HAL_Driver/Src/stm32f1xx_hal_uart.o

.debug_frame    0x0000000000000000     0x234c
 .debug_frame   0x0000000000000000       0x88 Core/Src/BMI088.o
 .debug_frame   0x0000000000000088       0xec Core/Src/main.o
 .debug_frame   0x0000000000000174       0xc8 Core/Src/stm32f1xx_hal_msp.o
 .debug_frame   0x000000000000023c      0x120 Core/Src/stm32f1xx_it.o
 .debug_frame   0x000000000000035c       0x58 Core/Src/system_stm32f1xx.o
 .debug_frame   0x00000000000003b4      0x334 Drivers/STM32F1xx_HAL_Driver/Src/stm32f1xx_hal.o
 .debug_frame   0x00000000000006e8      0x428 Drivers/STM32F1xx_HAL_Driver/Src/stm32f1xx_hal_cortex.o
 .debug_frame   0x0000000000000b10      0x14c Drivers/STM32F1xx_HAL_Driver/Src/stm32f1xx_hal_gpio.o
 .debug_frame   0x0000000000000c5c      0xc54 Drivers/STM32F1xx_HAL_Driver/Src/stm32f1xx_hal_i2c.o
 .debug_frame   0x00000000000018b0      0x21c Drivers/STM32F1xx_HAL_Driver/Src/stm32f1xx_hal_rcc.o
 .debug_frame   0x0000000000001acc      0x834 Drivers/STM32F1xx_HAL_Driver/Src/stm32f1xx_hal_uart.o
 .debug_frame   0x0000000000002300       0x2c c:/st/stm32cubeide_1.6.1/stm32cubeide/plugins/com.st.stm32cube.ide.mcu.externaltools.gnu-tools-for-stm32.9-2020-q2-update.win32_1.5.0.202011040924/tools/bin/../lib/gcc/arm-none-eabi/9.3.1/../../../../arm-none-eabi/lib/thumb/v7-m/nofp\libc_nano.a(lib_a-init.o)
 .debug_frame   0x000000000000232c       0x20 c:/st/stm32cubeide_1.6.1/stm32cubeide/plugins/com.st.stm32cube.ide.mcu.externaltools.gnu-tools-for-stm32.9-2020-q2-update.win32_1.5.0.202011040924/tools/bin/../lib/gcc/arm-none-eabi/9.3.1/../../../../arm-none-eabi/lib/thumb/v7-m/nofp\libc_nano.a(lib_a-memset.o)
